CCS PCM C Compiler, Version 5.015, 5967               30-ene-19 19:46

               Filename:   O:\Temporizador ciclico andando joya\main.lst

               ROM used:   1155 words (14%)
                           Largest free fragment is 2048
               RAM used:   23 (6%) at main() level
                           38 (10%) worst case
               Stack used: 6 locations (5 in main + 1 for interrupts)
               Stack size: 8

*
0000:  MOVLW  02
0001:  MOVWF  0A
0002:  GOTO   2B7
0003:  NOP
0004:  MOVWF  7F
0005:  SWAPF  03,W
0006:  CLRF   03
0007:  MOVWF  21
0008:  MOVF   0A,W
0009:  MOVWF  20
000A:  CLRF   0A
000B:  MOVF   04,W
000C:  MOVWF  22
000D:  MOVF   77,W
000E:  MOVWF  23
000F:  MOVF   78,W
0010:  MOVWF  24
0011:  MOVF   79,W
0012:  MOVWF  25
0013:  MOVF   7A,W
0014:  MOVWF  26
0015:  BSF    03.6
0016:  MOVF   0D,W
0017:  BCF    03.6
0018:  MOVWF  27
0019:  BSF    03.6
001A:  MOVF   0F,W
001B:  BCF    03.6
001C:  MOVWF  28
001D:  BSF    03.6
001E:  MOVF   0C,W
001F:  BCF    03.6
0020:  MOVWF  29
0021:  BSF    03.6
0022:  MOVF   0E,W
0023:  BCF    03.6
0024:  MOVWF  2A
0025:  BCF    03.7
0026:  BCF    03.5
0027:  MOVLW  8C
0028:  MOVWF  04
0029:  BTFSS  00.0
002A:  GOTO   02D
002B:  BTFSC  0C.0
002C:  GOTO   04E
002D:  MOVF   22,W
002E:  MOVWF  04
002F:  MOVF   23,W
0030:  MOVWF  77
0031:  MOVF   24,W
0032:  MOVWF  78
0033:  MOVF   25,W
0034:  MOVWF  79
0035:  MOVF   26,W
0036:  MOVWF  7A
0037:  MOVF   27,W
0038:  BSF    03.6
0039:  MOVWF  0D
003A:  BCF    03.6
003B:  MOVF   28,W
003C:  BSF    03.6
003D:  MOVWF  0F
003E:  BCF    03.6
003F:  MOVF   29,W
0040:  BSF    03.6
0041:  MOVWF  0C
0042:  BCF    03.6
0043:  MOVF   2A,W
0044:  BSF    03.6
0045:  MOVWF  0E
0046:  BCF    03.6
0047:  MOVF   20,W
0048:  MOVWF  0A
0049:  SWAPF  21,W
004A:  MOVWF  03
004B:  SWAPF  7F,F
004C:  SWAPF  7F,W
004D:  RETFIE
004E:  BCF    0A.3
004F:  BCF    0A.4
0050:  GOTO   051
.................... #include <main.h> 
.................... #include <16F886.h> 
.................... //////////// Standard Header file for the PIC16F886 device //////////////// 
.................... /////////////////////////////////////////////////////////////////////////// 
.................... ////        (C) Copyright 1996, 2013 Custom Computer Services          //// 
.................... //// This source code may only be used by licensed users of the CCS C  //// 
.................... //// compiler.  This source code may only be distributed to other      //// 
.................... //// licensed users of the CCS C compiler.  No other use, reproduction //// 
.................... //// or distribution is permitted without written permission.          //// 
.................... //// Derivative programs created using this software in object code    //// 
.................... //// form are not restricted in any way.                               //// 
.................... /////////////////////////////////////////////////////////////////////////// 
.................... #device PIC16F886 
*
0067:  DATA C3,37
0068:  DATA 6E,33
0069:  DATA E9,33
006A:  DATA A0,24
006B:  DATA EE,34
006C:  DATA E3,34
006D:  DATA 61,36
006E:  DATA 00,00
006F:  DATA D4,34
0070:  DATA ED,32
0071:  DATA BA,12
0072:  DATA 64,10
0073:  DATA 00,00
0074:  DATA D4,34
0075:  DATA ED,32
0076:  DATA BA,12
0077:  DATA 64,00
0078:  DATA 6F,37
0079:  DATA 6F,33
007A:  DATA 66,1D
007B:  DATA 25,32
007C:  DATA 20,00
007D:  DATA 6F,37
007E:  DATA 6F,33
007F:  DATA 66,1D
0080:  DATA 25,32
0081:  DATA 00,01
0082:  DATA D4,34
0083:  DATA ED,32
0084:  DATA BA,12
0085:  DATA 64,00
0086:  DATA 6F,37
0087:  DATA 6F,33
0088:  DATA 66,1D
0089:  DATA 25,32
008A:  DATA 00,01
008B:  DATA ED,34
008C:  DATA 6E,1D
008D:  DATA 25,32
008E:  DATA 20,00
008F:  DATA C2,37
0090:  DATA 6D,31
0091:  DATA 61,10
0092:  DATA 6F,37
0093:  DATA 20,00
0094:  DATA ED,34
0095:  DATA 6E,1D
0096:  DATA 25,32
0097:  DATA 20,00
0098:  DATA C2,37
0099:  DATA 6D,31
009A:  DATA 61,10
009B:  DATA 6F,33
009C:  DATA 66,00
009D:  DATA ED,34
009E:  DATA 6E,1D
009F:  DATA 25,32
00A0:  DATA 20,00
00A1:  DATA 45,29
00A2:  DATA D2,27
00A3:  DATA 52,10
00A4:  DATA 6F,37
00A5:  DATA 6F,33
00A6:  DATA 66,10
00A7:  DATA 6F,10
00A8:  DATA 00,01
00A9:  DATA 6F,37
00AA:  DATA 6F,33
00AB:  DATA E6,16
00AC:  DATA F4,32
00AD:  DATA 6D,38
00AE:  DATA 20,1E
00AF:  DATA 3D,10
00B0:  DATA 30,10
00B1:  DATA 00,01
00B2:  DATA C6,34
00B3:  DATA EE,30
00B4:  DATA 6C,00
00B5:  DATA D4,32
00B6:  DATA 6D,38
00B7:  DATA 6F,39
00B8:  DATA 69,3D
00B9:  DATA 61,32
00BA:  DATA 6F,00
*
019E:  MOVF   0B,W
019F:  MOVWF  31
01A0:  BCF    0B.7
01A1:  BSF    03.5
01A2:  BSF    03.6
01A3:  BSF    0C.7
01A4:  BSF    0C.0
01A5:  NOP
01A6:  NOP
01A7:  BCF    03.5
01A8:  BCF    03.6
01A9:  BTFSC  31.7
01AA:  BSF    0B.7
01AB:  BSF    03.6
01AC:  MOVF   0C,W
01AD:  ANDLW  7F
01AE:  BTFSC  03.2
01AF:  GOTO   1F2
01B0:  BCF    03.6
01B1:  MOVWF  31
01B2:  BSF    03.6
01B3:  MOVF   0D,W
01B4:  BCF    03.6
01B5:  MOVWF  32
01B6:  BSF    03.6
01B7:  MOVF   0F,W
01B8:  BCF    03.6
01B9:  MOVWF  33
01BA:  MOVF   31,W
01BB:  MOVWF  37
01BC:  CALL   172
01BD:  MOVF   32,W
01BE:  BSF    03.6
01BF:  MOVWF  0D
01C0:  BCF    03.6
01C1:  MOVF   33,W
01C2:  BSF    03.6
01C3:  MOVWF  0F
01C4:  BCF    03.6
01C5:  MOVF   0B,W
01C6:  MOVWF  34
01C7:  BCF    0B.7
01C8:  BSF    03.5
01C9:  BSF    03.6
01CA:  BSF    0C.7
01CB:  BSF    0C.0
01CC:  NOP
01CD:  NOP
01CE:  BCF    03.5
01CF:  BCF    03.6
01D0:  BTFSC  34.7
01D1:  BSF    0B.7
01D2:  BSF    03.6
01D3:  RLF    0C,W
01D4:  RLF    0E,W
01D5:  ANDLW  7F
01D6:  BTFSC  03.2
01D7:  GOTO   1F2
01D8:  BCF    03.6
01D9:  MOVWF  31
01DA:  BSF    03.6
01DB:  MOVF   0D,W
01DC:  BCF    03.6
01DD:  MOVWF  32
01DE:  BSF    03.6
01DF:  MOVF   0F,W
01E0:  BCF    03.6
01E1:  MOVWF  33
01E2:  MOVF   31,W
01E3:  MOVWF  37
01E4:  CALL   172
01E5:  MOVF   32,W
01E6:  BSF    03.6
01E7:  MOVWF  0D
01E8:  BCF    03.6
01E9:  MOVF   33,W
01EA:  BSF    03.6
01EB:  MOVWF  0F
01EC:  INCF   0D,F
01ED:  BTFSC  03.2
01EE:  INCF   0F,F
01EF:  BCF    03.6
01F0:  GOTO   19E
01F1:  BSF    03.6
01F2:  BCF    03.6
01F3:  RETURN
01F4:  MOVF   0B,W
01F5:  MOVWF  32
01F6:  BCF    0B.7
01F7:  BSF    03.5
01F8:  BSF    03.6
01F9:  BSF    0C.7
01FA:  BSF    0C.0
01FB:  NOP
01FC:  NOP
01FD:  BCF    03.5
01FE:  BCF    03.6
01FF:  BTFSC  32.7
0200:  BSF    0B.7
0201:  BTFSC  03.0
0202:  GOTO   22B
0203:  BSF    03.6
0204:  MOVF   0C,W
0205:  ANDLW  7F
0206:  BCF    03.6
0207:  MOVWF  32
0208:  BSF    03.6
0209:  MOVF   0D,W
020A:  BCF    03.6
020B:  MOVWF  33
020C:  BSF    03.6
020D:  MOVF   0F,W
020E:  BCF    03.6
020F:  MOVWF  34
0210:  MOVF   32,W
0211:  MOVWF  37
0212:  CALL   172
0213:  MOVF   33,W
0214:  BSF    03.6
0215:  MOVWF  0D
0216:  BCF    03.6
0217:  MOVF   34,W
0218:  BSF    03.6
0219:  MOVWF  0F
021A:  BCF    03.6
021B:  MOVF   0B,W
021C:  MOVWF  35
021D:  BCF    0B.7
021E:  BSF    03.5
021F:  BSF    03.6
0220:  BSF    0C.7
0221:  BSF    0C.0
0222:  NOP
0223:  NOP
0224:  BCF    03.5
0225:  BCF    03.6
0226:  BTFSC  35.7
0227:  BSF    0B.7
0228:  DECFSZ 31,F
0229:  GOTO   22B
022A:  GOTO   24A
022B:  BSF    03.6
022C:  RLF    0C,W
022D:  RLF    0E,W
022E:  ANDLW  7F
022F:  BCF    03.6
0230:  MOVWF  32
0231:  BSF    03.6
0232:  MOVF   0D,W
0233:  BCF    03.6
0234:  MOVWF  33
0235:  BSF    03.6
0236:  MOVF   0F,W
0237:  BCF    03.6
0238:  MOVWF  34
0239:  MOVF   32,W
023A:  MOVWF  37
023B:  CALL   172
023C:  MOVF   33,W
023D:  BSF    03.6
023E:  MOVWF  0D
023F:  BCF    03.6
0240:  MOVF   34,W
0241:  BSF    03.6
0242:  MOVWF  0F
0243:  INCF   0D,F
0244:  BTFSC  03.2
0245:  INCF   0F,F
0246:  BCF    03.0
0247:  BCF    03.6
0248:  DECFSZ 31,F
0249:  GOTO   1F4
024A:  RETURN
024B:  MOVF   38,W
024C:  CLRF   78
024D:  SUBWF  37,W
024E:  BTFSC  03.0
024F:  GOTO   253
0250:  MOVF   37,W
0251:  MOVWF  77
0252:  GOTO   25F
0253:  CLRF   77
0254:  MOVLW  08
0255:  MOVWF  39
0256:  RLF    37,F
0257:  RLF    77,F
0258:  MOVF   38,W
0259:  SUBWF  77,W
025A:  BTFSC  03.0
025B:  MOVWF  77
025C:  RLF    78,F
025D:  DECFSZ 39,F
025E:  GOTO   256
025F:  RETURN
0260:  MOVLW  20
0261:  BTFSS  32.4
0262:  MOVLW  30
0263:  MOVWF  33
0264:  MOVF   31,W
0265:  MOVWF  77
0266:  BTFSS  31.7
0267:  GOTO   270
0268:  COMF   77,F
0269:  INCF   77,F
026A:  MOVF   77,W
026B:  MOVWF  31
026C:  MOVLW  2D
026D:  MOVWF  33
026E:  BSF    32.7
026F:  BSF    32.0
0270:  MOVF   31,W
0271:  MOVWF  37
0272:  MOVLW  64
0273:  MOVWF  38
0274:  CALL   24B
0275:  MOVF   77,W
0276:  MOVWF  31
0277:  MOVLW  30
0278:  ADDWF  78,W
0279:  MOVWF  34
027A:  MOVF   31,W
027B:  MOVWF  37
027C:  MOVLW  0A
027D:  MOVWF  38
027E:  CALL   24B
027F:  MOVLW  30
0280:  ADDWF  77,W
0281:  MOVWF  36
0282:  MOVLW  30
0283:  ADDWF  78,W
0284:  MOVWF  35
0285:  MOVF   33,W
0286:  MOVWF  77
0287:  MOVLW  30
0288:  SUBWF  34,W
0289:  BTFSC  03.2
028A:  GOTO   28F
028B:  BSF    32.1
028C:  BTFSC  32.7
028D:  BSF    32.2
028E:  GOTO   2A3
028F:  MOVF   33,W
0290:  MOVWF  34
0291:  MOVLW  20
0292:  MOVWF  33
0293:  MOVLW  30
0294:  SUBWF  35,W
0295:  BTFSC  03.2
0296:  GOTO   29B
0297:  BSF    32.0
0298:  BTFSC  32.7
0299:  BSF    32.1
029A:  GOTO   2A3
029B:  BTFSS  03.2
029C:  BSF    32.0
029D:  BTFSS  03.2
029E:  GOTO   2A3
029F:  MOVF   34,W
02A0:  MOVWF  35
02A1:  MOVLW  20
02A2:  MOVWF  34
02A3:  BTFSC  32.2
02A4:  GOTO   2AA
02A5:  BTFSC  32.1
02A6:  GOTO   2AD
02A7:  BTFSC  32.0
02A8:  GOTO   2B0
02A9:  GOTO   2B3
02AA:  MOVF   33,W
02AB:  MOVWF  37
02AC:  CALL   172
02AD:  MOVF   34,W
02AE:  MOVWF  37
02AF:  CALL   172
02B0:  MOVF   35,W
02B1:  MOVWF  37
02B2:  CALL   172
02B3:  MOVF   36,W
02B4:  MOVWF  37
02B5:  CALL   172
02B6:  RETURN
....................  
.................... #list 
....................  
.................... #device adc=8 
.................... #fuses INTRC_IO,NOWDT,PUT,MCLR,NOPROTECT,NOCPD,NOBROWNOUT 
.................... #fuses NOIESO,NOFCMEN,NOWRT,NODEBUG,NOLVP   
.................... #use delay(clock=4M) 
*
00BB:  MOVLW  38
00BC:  MOVWF  04
00BD:  BCF    03.7
00BE:  MOVF   00,W
00BF:  BTFSC  03.2
00C0:  GOTO   0CF
00C1:  MOVLW  01
00C2:  MOVWF  78
00C3:  CLRF   77
00C4:  DECFSZ 77,F
00C5:  GOTO   0C4
00C6:  DECFSZ 78,F
00C7:  GOTO   0C3
00C8:  MOVLW  4A
00C9:  MOVWF  77
00CA:  DECFSZ 77,F
00CB:  GOTO   0CA
00CC:  GOTO   0CD
00CD:  DECFSZ 00,F
00CE:  GOTO   0C1
00CF:  RETURN
.................... #define use_portb_lcd TRUE 
....................  
....................  
.................... #include <lcd.c> 
.................... /////////////////////////////////////////////////////////////////////////////// 
.................... ////                             LCD.C                                     //// 
.................... ////                 Driver for common LCD modules                         //// 
.................... ////                                                                       //// 
.................... ////  lcd_init()   Must be called before any other function.               //// 
.................... ////                                                                       //// 
.................... ////  lcd_putc(c)  Will display c on the next position of the LCD.         //// 
.................... ////                 \a  Set cursor position to upper left                 //// 
.................... ////                 \f  Clear display, set cursor to upper left           //// 
.................... ////                 \n  Go to start of second line                        //// 
.................... ////                 \b  Move back one position                            //// 
.................... ////              If LCD_EXTENDED_NEWLINE is defined, the \n character     //// 
.................... ////              will erase all remanining characters on the current      //// 
.................... ////              line, and move the cursor to the beginning of the next   //// 
.................... ////              line.                                                    //// 
.................... ////              If LCD_EXTENDED_NEWLINE is defined, the \r character     //// 
.................... ////              will move the cursor to the start of the current         //// 
.................... ////              line.                                                    //// 
.................... ////                                                                       //// 
.................... ////  lcd_gotoxy(x,y) Set write position on LCD (upper left is 1,1)        //// 
.................... ////                                                                       //// 
.................... ////  lcd_getc(x,y)   Returns character at position x,y on LCD             //// 
.................... ////                                                                       //// 
.................... ////  lcd_cursor_on(int1 on)   Turn the cursor on (on=TRUE) or off         //// 
.................... ////              (on=FALSE).                                              //// 
.................... ////                                                                       //// 
.................... ////  lcd_set_cgram_char(w, *p)   Write a custom character to the CGRAM.   //// 
.................... ////                                                                       //// 
.................... ////                                                                       //// 
.................... ////  CONFIGURATION                                                        //// 
.................... ////  The LCD can be configured in one of two ways: a.) port access or     //// 
.................... ////  b.) pin access.  Port access requires the entire 7 bit interface     //// 
.................... ////  connected to one GPIO port, and the data bits (D4:D7 of the LCD)     //// 
.................... ////  connected to sequential pins on the GPIO.  Pin access                //// 
.................... ////  has no requirements, all 7 bits of the control interface can         //// 
.................... ////  can be connected to any GPIO using several ports.                    //// 
.................... ////                                                                       //// 
.................... ////  To use port access, #define LCD_DATA_PORT to the SFR location of     //// 
.................... ////  of the GPIO port that holds the interface, -AND- edit LCD_PIN_MAP    //// 
.................... ////  of this file to configure the pin order.  If you are using a         //// 
.................... ////  baseline PIC (PCB), then LCD_OUTPUT_MAP and LCD_INPUT_MAP also must  //// 
.................... ////  be defined.                                                          //// 
.................... ////                                                                       //// 
.................... ////  Example of port access:                                              //// 
.................... ////     #define LCD_DATA_PORT getenv("SFR:PORTD")                         //// 
.................... ////                                                                       //// 
.................... ////  To use pin access, the following pins must be defined:               //// 
.................... ////     LCD_ENABLE_PIN                                                    //// 
.................... ////     LCD_RS_PIN                                                        //// 
.................... ////     LCD_RW_PIN                                                        //// 
.................... ////     LCD_DATA4                                                         //// 
.................... ////     LCD_DATA5                                                         //// 
.................... ////     LCD_DATA6                                                         //// 
.................... ////     LCD_DATA7                                                         //// 
.................... ////                                                                       //// 
.................... ////  Example of pin access:                                               //// 
.................... ////     #define LCD_ENABLE_PIN  PIN_E0                                    //// 
.................... ////     #define LCD_RS_PIN      PIN_E1                                    //// 
.................... ////     #define LCD_RW_PIN      PIN_E2                                    //// 
.................... ////     #define LCD_DATA4       PIN_D4                                    //// 
.................... ////     #define LCD_DATA5       PIN_D5                                    //// 
.................... ////     #define LCD_DATA6       PIN_D6                                    //// 
.................... ////     #define LCD_DATA7       PIN_D7                                    //// 
.................... ////                                                                       //// 
.................... /////////////////////////////////////////////////////////////////////////////// 
.................... ////        (C) Copyright 1996,2010 Custom Computer Services           //// 
.................... //// This source code may only be used by licensed users of the CCS C  //// 
.................... //// compiler.  This source code may only be distributed to other      //// 
.................... //// licensed users of the CCS C compiler.  No other use, reproduction //// 
.................... //// or distribution is permitted without written permission.          //// 
.................... //// Derivative programs created using this software in object code    //// 
.................... //// form are not restricted in any way.                               //// 
.................... /////////////////////////////////////////////////////////////////////////// 
....................  
.................... #ifndef __LCD_C__ 
.................... #define __LCD_C__ 
....................  
.................... // define the pinout. 
.................... // only required if port access is being used. 
.................... typedef struct   
.................... {                            // This structure is overlayed 
....................    int1 enable;           // on to an I/O port to gain 
....................    int1 rs;               // access to the LCD pins. 
....................    int1 rw;               // The bits are allocated from 
....................    int1 unused;           // low order up.  ENABLE will 
....................    unsigned int     data : 4;         // be LSB pin of that port. 
....................   #if defined(__PCD__)       // The port used will be LCD_DATA_PORT. 
....................    unsigned int    reserved: 8; 
....................   #endif 
.................... } LCD_PIN_MAP; 
....................  
.................... // this is to improve compatability with previous LCD drivers that accepted 
.................... // a define labeled 'use_portb_lcd' that configured the LCD onto port B. 
.................... #if ((defined(use_portb_lcd)) && (use_portb_lcd==TRUE)) 
....................  #define LCD_DATA_PORT getenv("SFR:PORTB") 
.................... #endif 
....................  
.................... #if defined(__PCB__) 
....................    // these definitions only need to be modified for baseline PICs. 
....................    // all other PICs use LCD_PIN_MAP or individual LCD_xxx pin definitions. 
.................... /*                                    EN, RS,   RW,   UNUSED,  DATA  */ 
....................  const LCD_PIN_MAP LCD_OUTPUT_MAP =  {0,  0,    0,    0,       0}; 
....................  const LCD_PIN_MAP LCD_INPUT_MAP =   {0,  0,    0,    0,       0xF}; 
.................... #endif 
....................  
.................... ////////////////////// END CONFIGURATION /////////////////////////////////// 
....................  
.................... #ifndef LCD_ENABLE_PIN 
....................    #define lcd_output_enable(x) lcdlat.enable=x 
....................    #define lcd_enable_tris()   lcdtris.enable=0 
.................... #else 
....................    #define lcd_output_enable(x) output_bit(LCD_ENABLE_PIN, x) 
....................    #define lcd_enable_tris()  output_drive(LCD_ENABLE_PIN) 
.................... #endif 
....................  
.................... #ifndef LCD_RS_PIN 
....................    #define lcd_output_rs(x) lcdlat.rs=x 
....................    #define lcd_rs_tris()   lcdtris.rs=0 
.................... #else 
....................    #define lcd_output_rs(x) output_bit(LCD_RS_PIN, x) 
....................    #define lcd_rs_tris()  output_drive(LCD_RS_PIN) 
.................... #endif 
....................  
.................... #ifndef LCD_RW_PIN 
....................    #define lcd_output_rw(x) lcdlat.rw=x 
....................    #define lcd_rw_tris()   lcdtris.rw=0 
.................... #else 
....................    #define lcd_output_rw(x) output_bit(LCD_RW_PIN, x) 
....................    #define lcd_rw_tris()  output_drive(LCD_RW_PIN) 
.................... #endif 
....................  
.................... // original version of this library incorrectly labeled LCD_DATA0 as LCD_DATA4, 
.................... // LCD_DATA1 as LCD_DATA5, and so on.  this block of code makes the driver 
.................... // compatible with any code written for the original library 
.................... #if (defined(LCD_DATA0) && defined(LCD_DATA1) && defined(LCD_DATA2) && defined(LCD_DATA3) && !defined(LCD_DATA4) && !defined(LCD_DATA5) && !defined(LCD_DATA6) && !defined(LCD_DATA7)) 
....................    #define  LCD_DATA4    LCD_DATA0 
....................    #define  LCD_DATA5    LCD_DATA1 
....................    #define  LCD_DATA6    LCD_DATA2 
....................    #define  LCD_DATA7    LCD_DATA3 
.................... #endif 
....................  
.................... #ifndef LCD_DATA4 
.................... #ifndef LCD_DATA_PORT 
....................    #if defined(__PCB__) 
....................       #define LCD_DATA_PORT      0x06     //portb 
....................       #define set_tris_lcd(x)   set_tris_b(x) 
....................    #else 
....................      #if defined(PIN_D0) 
....................       #define LCD_DATA_PORT      getenv("SFR:PORTD")     //portd 
....................      #else 
....................       #define LCD_DATA_PORT      getenv("SFR:PORTB")     //portb 
....................      #endif 
....................    #endif    
.................... #endif 
....................  
.................... #if defined(__PCB__) 
....................    LCD_PIN_MAP lcd, lcdlat; 
....................    #byte lcd = LCD_DATA_PORT 
....................    #byte lcdlat = LCD_DATA_PORT 
.................... #elif defined(__PCM__) 
....................    LCD_PIN_MAP lcd, lcdlat, lcdtris; 
....................    #byte lcd = LCD_DATA_PORT 
....................    #byte lcdlat = LCD_DATA_PORT 
....................    #byte lcdtris = LCD_DATA_PORT+0x80 
.................... #elif defined(__PCH__) 
....................    LCD_PIN_MAP lcd, lcdlat, lcdtris; 
....................    #byte lcd = LCD_DATA_PORT 
....................    #byte lcdlat = LCD_DATA_PORT+9 
....................    #byte lcdtris = LCD_DATA_PORT+0x12 
.................... #elif defined(__PCD__) 
....................    LCD_PIN_MAP lcd, lcdlat, lcdtris; 
....................    #word lcd = LCD_DATA_PORT 
....................    #word lcdlat = LCD_DATA_PORT+2 
....................    #word lcdtris = LCD_DATA_PORT-0x02 
.................... #endif 
.................... #endif   //LCD_DATA4 not defined 
....................  
.................... #ifndef LCD_TYPE 
....................    #define LCD_TYPE 2           // 0=5x7, 1=5x10, 2=2 lines 
.................... #endif 
....................  
.................... #ifndef LCD_LINE_TWO 
....................    #define LCD_LINE_TWO 0x40    // LCD RAM address for the second line 
.................... #endif 
....................  
.................... #ifndef LCD_LINE_LENGTH 
....................    #define LCD_LINE_LENGTH 20 
.................... #endif 
....................  
.................... unsigned int8 lcd_read_nibble(void); 
....................  
.................... unsigned int8 lcd_read_byte(void) 
.................... { 
....................    unsigned int8 low,high; 
....................  
....................  #if defined(__PCB__) 
....................    set_tris_lcd(LCD_INPUT_MAP); 
....................  #else 
....................   #if (defined(LCD_DATA4) && defined(LCD_DATA5) && defined(LCD_DATA6) && defined(LCD_DATA7)) 
....................    output_float(LCD_DATA4); 
....................    output_float(LCD_DATA5); 
....................    output_float(LCD_DATA6); 
....................    output_float(LCD_DATA7); 
....................   #else 
....................    lcdtris.data = 0xF; 
*
00E8:  MOVLW  0F
00E9:  BSF    03.5
00EA:  ANDWF  06,W
00EB:  IORLW  F0
00EC:  MOVWF  06
....................   #endif 
....................  #endif 
....................          
....................    lcd_output_rw(1); 
00ED:  BCF    03.5
00EE:  BSF    06.2
....................    delay_cycles(1); 
00EF:  NOP
....................    lcd_output_enable(1); 
00F0:  BSF    06.0
....................    delay_cycles(1); 
00F1:  NOP
....................    high = lcd_read_nibble(); 
00F2:  CALL   0DC
00F3:  MOVF   78,W
00F4:  MOVWF  3F
....................        
....................    lcd_output_enable(0); 
00F5:  BCF    06.0
....................    delay_cycles(1); 
00F6:  NOP
....................    lcd_output_enable(1); 
00F7:  BSF    06.0
....................    delay_us(1); 
00F8:  NOP
....................    low = lcd_read_nibble(); 
00F9:  CALL   0DC
00FA:  MOVF   78,W
00FB:  MOVWF  3E
....................        
....................    lcd_output_enable(0); 
00FC:  BCF    06.0
....................  
....................  #if defined(__PCB__) 
....................    set_tris_lcd(LCD_OUTPUT_MAP); 
....................  #else 
....................   #if (defined(LCD_DATA4) && defined(LCD_DATA5) && defined(LCD_DATA6) && defined(LCD_DATA7)) 
....................    output_drive(LCD_DATA4); 
....................    output_drive(LCD_DATA5); 
....................    output_drive(LCD_DATA6); 
....................    output_drive(LCD_DATA7); 
....................   #else 
....................    lcdtris.data = 0x0; 
00FD:  MOVLW  0F
00FE:  BSF    03.5
00FF:  ANDWF  06,W
0100:  MOVWF  06
....................   #endif 
....................  #endif 
....................  
....................    return( (high<<4) | low); 
0101:  BCF    03.5
0102:  SWAPF  3F,W
0103:  MOVWF  77
0104:  MOVLW  F0
0105:  ANDWF  77,F
0106:  MOVF   77,W
0107:  IORWF  3E,W
0108:  MOVWF  78
.................... } 
....................  
.................... unsigned int8 lcd_read_nibble(void) 
.................... { 
....................   #if (defined(LCD_DATA4) && defined(LCD_DATA5) && defined(LCD_DATA6) && defined(LCD_DATA7)) 
....................    unsigned int8 n = 0x00; 
....................  
....................    /* Read the data port */ 
....................    n |= input(LCD_DATA4); 
....................    n |= input(LCD_DATA5) << 1; 
....................    n |= input(LCD_DATA6) << 2; 
....................    n |= input(LCD_DATA7) << 3; 
....................     
....................    return(n); 
....................   #else 
....................    return(lcd.data); 
*
00DC:  MOVF   06,W
00DD:  MOVWF  77
00DE:  SWAPF  06,W
00DF:  ANDLW  0F
00E0:  MOVWF  78
....................   #endif 
00E1:  RETURN
.................... } 
....................  
.................... void lcd_send_nibble(unsigned int8 n) 
.................... { 
....................   #if (defined(LCD_DATA4) && defined(LCD_DATA5) && defined(LCD_DATA6) && defined(LCD_DATA7)) 
....................    /* Write to the data port */ 
....................    output_bit(LCD_DATA4, bit_test(n, 0)); 
....................    output_bit(LCD_DATA5, bit_test(n, 1)); 
....................    output_bit(LCD_DATA6, bit_test(n, 2)); 
....................    output_bit(LCD_DATA7, bit_test(n, 3)); 
....................   #else       
....................    lcdlat.data = n; 
*
00D0:  SWAPF  3F,W
00D1:  ANDLW  F0
00D2:  MOVWF  77
00D3:  MOVLW  0F
00D4:  ANDWF  06,W
00D5:  IORWF  77,W
00D6:  MOVWF  06
....................   #endif 
....................        
....................    delay_cycles(1); 
00D7:  NOP
....................    lcd_output_enable(1); 
00D8:  BSF    06.0
....................    delay_us(2); 
00D9:  GOTO   0DA
....................    lcd_output_enable(0); 
00DA:  BCF    06.0
00DB:  RETURN
.................... } 
....................  
.................... void lcd_send_byte(unsigned int8 address, unsigned int8 n) 
.................... { 
....................   #if defined(__PCB__) 
....................    set_tris_lcd(LCD_OUTPUT_MAP); 
....................   #else 
....................    lcd_enable_tris(); 
*
00E2:  BSF    03.5
00E3:  BCF    06.0
....................    lcd_rs_tris(); 
00E4:  BCF    06.1
....................    lcd_rw_tris(); 
00E5:  BCF    06.2
....................   #endif 
....................  
....................    lcd_output_rs(0); 
00E6:  BCF    03.5
00E7:  BCF    06.1
....................    while ( bit_test(lcd_read_byte(),7) ) ; 
*
0109:  MOVF   78,W
010A:  MOVWF  3E
010B:  BTFSC  3E.7
010C:  GOTO   0E8
....................    lcd_output_rs(address); 
010D:  BTFSS  3C.0
010E:  BCF    06.1
010F:  BTFSC  3C.0
0110:  BSF    06.1
....................    delay_cycles(1); 
0111:  NOP
....................    lcd_output_rw(0); 
0112:  BCF    06.2
....................    delay_cycles(1); 
0113:  NOP
....................    lcd_output_enable(0); 
0114:  BCF    06.0
....................    lcd_send_nibble(n >> 4); 
0115:  SWAPF  3D,W
0116:  MOVWF  3E
0117:  MOVLW  0F
0118:  ANDWF  3E,F
0119:  MOVF   3E,W
011A:  MOVWF  3F
011B:  CALL   0D0
....................    lcd_send_nibble(n & 0xf); 
011C:  MOVF   3D,W
011D:  ANDLW  0F
011E:  MOVWF  3E
011F:  MOVWF  3F
0120:  CALL   0D0
0121:  RETURN
.................... } 
....................  
.................... #if defined(LCD_EXTENDED_NEWLINE) 
.................... unsigned int8 g_LcdX, g_LcdY; 
.................... #endif 
....................  
.................... void lcd_init(void)  
.................... { 
....................    unsigned int8 i; 
....................    unsigned int8 LCD_INIT_STRING[4] = {0x20 | (LCD_TYPE << 2), 0xc, 1, 6}; 
0122:  MOVLW  28
0123:  MOVWF  32
0124:  MOVLW  0C
0125:  MOVWF  33
0126:  MOVLW  01
0127:  MOVWF  34
0128:  MOVLW  06
0129:  MOVWF  35
....................                              // These bytes need to be sent to the LCD 
....................                              // to start it up. 
....................     
....................  
....................    lcd_output_enable(0); 
012A:  BCF    06.0
....................    lcd_output_rs(0); 
012B:  BCF    06.1
....................    lcd_output_rw(0); 
012C:  BCF    06.2
....................  
....................  #if defined(__PCB__) 
....................    set_tris_lcd(LCD_OUTPUT_MAP); 
....................  #else 
....................   #if (defined(LCD_DATA4) && defined(LCD_DATA5) && defined(LCD_DATA6) && defined(LCD_DATA7)) 
....................    output_drive(LCD_DATA4); 
....................    output_drive(LCD_DATA5); 
....................    output_drive(LCD_DATA6); 
....................    output_drive(LCD_DATA7); 
....................   #else 
....................    lcdtris.data = 0x0; 
012D:  MOVLW  0F
012E:  BSF    03.5
012F:  ANDWF  06,W
0130:  MOVWF  06
....................   #endif 
....................    lcd_enable_tris(); 
0131:  BCF    06.0
....................    lcd_rs_tris(); 
0132:  BCF    06.1
....................    lcd_rw_tris(); 
0133:  BCF    06.2
....................  #endif 
....................      
....................    delay_ms(15); 
0134:  MOVLW  0F
0135:  BCF    03.5
0136:  MOVWF  38
0137:  CALL   0BB
....................    for(i=1;i<=3;++i) 
0138:  MOVLW  01
0139:  MOVWF  31
013A:  MOVF   31,W
013B:  SUBLW  03
013C:  BTFSS  03.0
013D:  GOTO   146
....................    { 
....................        lcd_send_nibble(3); 
013E:  MOVLW  03
013F:  MOVWF  3F
0140:  CALL   0D0
....................        delay_ms(5); 
0141:  MOVLW  05
0142:  MOVWF  38
0143:  CALL   0BB
0144:  INCF   31,F
0145:  GOTO   13A
....................    } 
....................     
....................    lcd_send_nibble(2); 
0146:  MOVLW  02
0147:  MOVWF  3F
0148:  CALL   0D0
....................    delay_ms(5); 
0149:  MOVLW  05
014A:  MOVWF  38
014B:  CALL   0BB
....................    for(i=0;i<=3;++i) 
014C:  CLRF   31
014D:  MOVF   31,W
014E:  SUBLW  03
014F:  BTFSS  03.0
0150:  GOTO   15D
....................       lcd_send_byte(0,LCD_INIT_STRING[i]); 
0151:  MOVLW  32
0152:  ADDWF  31,W
0153:  MOVWF  04
0154:  BCF    03.7
0155:  MOVF   00,W
0156:  MOVWF  36
0157:  CLRF   3C
0158:  MOVF   36,W
0159:  MOVWF  3D
015A:  CALL   0E2
....................  
....................   #if defined(LCD_EXTENDED_NEWLINE) 
015B:  INCF   31,F
015C:  GOTO   14D
015D:  BCF    0A.3
015E:  BCF    0A.4
015F:  GOTO   2E9 (RETURN)
....................    g_LcdX = 0; 
....................    g_LcdY = 0; 
....................   #endif 
.................... } 
....................  
.................... void lcd_gotoxy(unsigned int8 x, unsigned int8 y) 
.................... { 
....................    unsigned int8 address; 
....................     
....................    if(y!=1) 
0160:  DECFSZ 39,W
0161:  GOTO   163
0162:  GOTO   166
....................       address=LCD_LINE_TWO; 
0163:  MOVLW  40
0164:  MOVWF  3A
0165:  GOTO   167
....................    else 
....................       address=0; 
0166:  CLRF   3A
....................       
....................    address+=x-1; 
0167:  MOVLW  01
0168:  SUBWF  38,W
0169:  ADDWF  3A,F
....................    lcd_send_byte(0,0x80|address); 
016A:  MOVF   3A,W
016B:  IORLW  80
016C:  MOVWF  3B
016D:  CLRF   3C
016E:  MOVF   3B,W
016F:  MOVWF  3D
0170:  CALL   0E2
....................  
....................   #if defined(LCD_EXTENDED_NEWLINE) 
0171:  RETURN
....................    g_LcdX = x - 1; 
....................    g_LcdY = y - 1; 
....................   #endif 
.................... } 
....................  
.................... void lcd_putc(char c) 
.................... { 
....................    switch (c) 
0172:  MOVF   37,W
0173:  XORLW  07
0174:  BTFSC  03.2
0175:  GOTO   180
0176:  XORLW  0B
0177:  BTFSC  03.2
0178:  GOTO   185
0179:  XORLW  06
017A:  BTFSC  03.2
017B:  GOTO   18D
017C:  XORLW  02
017D:  BTFSC  03.2
017E:  GOTO   193
017F:  GOTO   198
....................    { 
....................       case '\a'   :  lcd_gotoxy(1,1);     break; 
0180:  MOVLW  01
0181:  MOVWF  38
0182:  MOVWF  39
0183:  CALL   160
0184:  GOTO   19D
....................  
....................       case '\f'   :  lcd_send_byte(0,1); 
0185:  CLRF   3C
0186:  MOVLW  01
0187:  MOVWF  3D
0188:  CALL   0E2
....................                      delay_ms(2); 
0189:  MOVLW  02
018A:  MOVWF  38
018B:  CALL   0BB
....................                     #if defined(LCD_EXTENDED_NEWLINE) 
....................                      g_LcdX = 0; 
....................                      g_LcdY = 0; 
....................                     #endif 
....................                      break; 
018C:  GOTO   19D
....................  
....................      #if defined(LCD_EXTENDED_NEWLINE) 
....................       case '\r'   :  lcd_gotoxy(1, g_LcdY+1);   break; 
....................       case '\n'   : 
....................          while (g_LcdX++ < LCD_LINE_LENGTH) 
....................          { 
....................             lcd_send_byte(1, ' '); 
....................          } 
....................          lcd_gotoxy(1, g_LcdY+2); 
....................          break; 
....................      #else 
....................       case '\n'   : lcd_gotoxy(1,2);        break; 
018D:  MOVLW  01
018E:  MOVWF  38
018F:  MOVLW  02
0190:  MOVWF  39
0191:  CALL   160
0192:  GOTO   19D
....................      #endif 
....................       
....................       case '\b'   : lcd_send_byte(0,0x10);  break; 
0193:  CLRF   3C
0194:  MOVLW  10
0195:  MOVWF  3D
0196:  CALL   0E2
0197:  GOTO   19D
....................       
....................      #if defined(LCD_EXTENDED_NEWLINE) 
....................       default     :  
....................          if (g_LcdX < LCD_LINE_LENGTH) 
....................          { 
....................             lcd_send_byte(1, c); 
....................             g_LcdX++; 
....................          } 
....................          break; 
....................      #else 
....................       default     : lcd_send_byte(1,c);     break; 
0198:  MOVLW  01
0199:  MOVWF  3C
019A:  MOVF   37,W
019B:  MOVWF  3D
019C:  CALL   0E2
....................      #endif 
....................    } 
019D:  RETURN
.................... } 
....................   
.................... char lcd_getc(unsigned int8 x, unsigned int8 y) 
.................... { 
....................    char value; 
....................  
....................    lcd_gotoxy(x,y); 
....................    while ( bit_test(lcd_read_byte(),7) ); // wait until busy flag is low 
....................    lcd_output_rs(1); 
....................    value = lcd_read_byte(); 
....................    lcd_output_rs(0); 
....................     
....................    return(value); 
.................... } 
....................  
.................... // write a custom character to the ram 
.................... // which is 0-7 and specifies which character array we are modifying. 
.................... // ptr points to an array of 8 bytes, where each byte is the next row of 
.................... //    pixels.  only bits 0-4 are used.  the last row is the cursor row, and 
.................... //    usually you will want to leave this byte 0x00. 
.................... void lcd_set_cgram_char(unsigned int8 which, unsigned int8 *ptr) 
.................... { 
....................    unsigned int i; 
....................  
....................    which <<= 3; 
....................    which &= 0x38; 
....................  
....................    lcd_send_byte(0, 0x40 | which);  //set cgram address 
....................  
....................    for(i=0; i<8; i++) 
....................    { 
....................       lcd_send_byte(1, *ptr++); 
....................    } 
....................    
....................    #if defined(LCD_EXTENDED_NEWLINE) 
....................     lcd_gotoxy(g_LcdX+1, g_LcdY+1);  //set ddram address 
....................    #endif 
.................... } 
....................  
.................... void lcd_cursor_on(int1 on) 
.................... { 
....................    if (on) 
....................    { 
....................       lcd_send_byte(0,0x0F);           //turn LCD cursor ON 
....................    } 
....................    else 
....................    { 
....................       lcd_send_byte(0,0x0C);           //turn LCD cursor OFF 
....................    } 
.................... } 
....................  
.................... #endif 
....................  
.................... #define SW1 PIN_A1 //PORTA RA1 
.................... #define SW2 PIN_A2 //PORTA RA2 
.................... #define SW3 PIN_A3 //PORTA RA3 
.................... #define SW4 PIN_A4 //PORTA RA4 
.................... #define SW5 PIN_A5 //PORTA RA5 
.................... #define bomba PIN_C4 //PORTA RC4 
.................... #define BLLCD PIN_C3 //luz backlight 
.................... #use fast_io(A)   // Configuración rápida del puerto A 
.................... #use fast_io(B)  // Configuración rápida del puerto B 
.................... #use fast_io(C) // Configuración rápida del puerto C 
....................  
.................... //******* Variables *******// 
.................... signed int tempo=10, onoff=10,suma=0; 
.................... int min=0, seg=0, cont=0; 
....................  
.................... #int_TIMER1 
.................... void temp1s(void) 
.................... { 
....................   cont++; 
*
0051:  INCF   30,F
....................   if (cont==2)   
0052:  MOVF   30,W
0053:  SUBLW  02
0054:  BTFSS  03.2
0055:  GOTO   058
....................   { 
....................   seg++; 
0056:  INCF   2F,F
....................   cont=0; 
0057:  CLRF   30
....................   } 
....................   set_timer1 (3036); 
0058:  CLRF   0E
0059:  MOVLW  0B
005A:  MOVWF  0F
005B:  MOVLW  DC
005C:  MOVWF  0E
....................   if (seg==59) 
005D:  MOVF   2F,W
005E:  SUBLW  3B
005F:  BTFSS  03.2
0060:  GOTO   063
....................   { 
....................   seg=0; 
0061:  CLRF   2F
....................   min++; 
0062:  INCF   2E,F
....................   } 
0063:  BCF    0C.0
0064:  BCF    0A.3
0065:  BCF    0A.4
0066:  GOTO   02D
.................... } 
....................  
.................... // ************** Programa Principal ************** // 
.................... void main() 
*
02B7:  MOVF   03,W
02B8:  ANDLW  1F
02B9:  MOVWF  03
02BA:  MOVLW  61
02BB:  BSF    03.5
02BC:  MOVWF  0F
02BD:  MOVF   0F,W
02BE:  MOVLW  0A
02BF:  BCF    03.5
02C0:  MOVWF  2B
02C1:  MOVLW  0A
02C2:  MOVWF  2C
02C3:  CLRF   2D
02C4:  CLRF   2E
02C5:  CLRF   2F
02C6:  CLRF   30
02C7:  BSF    03.5
02C8:  BSF    03.6
02C9:  MOVF   09,W
02CA:  ANDLW  C0
02CB:  MOVWF  09
02CC:  BCF    03.6
02CD:  BCF    1F.4
02CE:  BCF    1F.5
02CF:  MOVLW  00
02D0:  BSF    03.6
02D1:  MOVWF  08
02D2:  BCF    03.5
02D3:  CLRF   07
02D4:  CLRF   08
02D5:  CLRF   09
02D6:  BCF    03.7
.................... { 
....................  
....................    set_tris_a(0x3E); 
02D7:  MOVLW  3E
02D8:  BSF    03.5
02D9:  BCF    03.6
02DA:  MOVWF  05
....................    set_tris_b(0x00); 
02DB:  MOVLW  00
02DC:  MOVWF  06
....................    set_tris_c(0x00); 
02DD:  MOVWF  07
....................     
....................    setup_timer_1 (T1_INTERNAL | T1_DIV_BY_8); 
02DE:  MOVLW  35
02DF:  BCF    03.5
02E0:  MOVWF  10
....................    set_timer1 (3036); 
02E1:  CLRF   0E
02E2:  MOVLW  0B
02E3:  MOVWF  0F
02E4:  MOVLW  DC
02E5:  MOVWF  0E
....................    enable_interrupts(global); 
02E6:  MOVLW  C0
02E7:  IORWF  0B,F
....................    lcd_init (); // Inicializa la libreria para manejar el LCD. 
02E8:  GOTO   122
....................    output_high(BLLCD); 
02E9:  BSF    07.3
....................    printf ( LCD_PUTC, "\f" ); // Limpia la LCD. 
02EA:  MOVLW  0C
02EB:  MOVWF  37
02EC:  CALL   172
....................     lcd_gotoxy(1,1); 
02ED:  MOVLW  01
02EE:  MOVWF  38
02EF:  MOVWF  39
02F0:  CALL   160
....................    printf(lcd_putc,"Config Inicial"); 
02F1:  MOVLW  67
02F2:  BSF    03.6
02F3:  MOVWF  0D
02F4:  MOVLW  00
02F5:  MOVWF  0F
02F6:  BCF    03.6
02F7:  CALL   19E
....................    delay_ms(500); 
02F8:  MOVLW  02
02F9:  MOVWF  31
02FA:  MOVLW  FA
02FB:  MOVWF  38
02FC:  CALL   0BB
02FD:  DECFSZ 31,F
02FE:  GOTO   2FA
....................               
....................    while(true){ 
....................    
....................   if(tempo<10){ 
02FF:  BTFSC  2B.7
0300:  GOTO   305
0301:  MOVF   2B,W
0302:  SUBLW  09
0303:  BTFSS  03.0
0304:  GOTO   31D
....................   lcd_gotoxy(1,2); 
0305:  MOVLW  01
0306:  MOVWF  38
0307:  MOVLW  02
0308:  MOVWF  39
0309:  CALL   160
....................   printf(lcd_putc,"Time:%d ",tempo);} 
030A:  MOVLW  6F
030B:  BSF    03.6
030C:  MOVWF  0D
030D:  MOVLW  00
030E:  MOVWF  0F
030F:  BCF    03.0
0310:  MOVLW  05
0311:  BCF    03.6
0312:  MOVWF  31
0313:  CALL   1F4
0314:  MOVF   2B,W
0315:  MOVWF  31
0316:  MOVLW  18
0317:  MOVWF  32
0318:  CALL   260
0319:  MOVLW  20
031A:  MOVWF  37
031B:  CALL   172
031C:  GOTO   331
....................   else{ 
....................   lcd_gotoxy(1,2); 
031D:  MOVLW  01
031E:  MOVWF  38
031F:  MOVLW  02
0320:  MOVWF  39
0321:  CALL   160
....................   printf(lcd_putc,"Time:%d",tempo);} 
0322:  MOVLW  74
0323:  BSF    03.6
0324:  MOVWF  0D
0325:  MOVLW  00
0326:  MOVWF  0F
0327:  BCF    03.0
0328:  MOVLW  05
0329:  BCF    03.6
032A:  MOVWF  31
032B:  CALL   1F4
032C:  MOVF   2B,W
032D:  MOVWF  31
032E:  MOVLW  18
032F:  MOVWF  32
0330:  CALL   260
....................   if(onoff<10){ 
0331:  BTFSC  2C.7
0332:  GOTO   337
0333:  MOVF   2C,W
0334:  SUBLW  09
0335:  BTFSS  03.0
0336:  GOTO   34F
....................   lcd_gotoxy(9,2); 
0337:  MOVLW  09
0338:  MOVWF  38
0339:  MOVLW  02
033A:  MOVWF  39
033B:  CALL   160
....................   printf(lcd_putc,"onoff:%d ",onoff);} 
033C:  MOVLW  78
033D:  BSF    03.6
033E:  MOVWF  0D
033F:  MOVLW  00
0340:  MOVWF  0F
0341:  BCF    03.0
0342:  MOVLW  06
0343:  BCF    03.6
0344:  MOVWF  31
0345:  CALL   1F4
0346:  MOVF   2C,W
0347:  MOVWF  31
0348:  MOVLW  18
0349:  MOVWF  32
034A:  CALL   260
034B:  MOVLW  20
034C:  MOVWF  37
034D:  CALL   172
034E:  GOTO   363
....................   else{ 
....................   lcd_gotoxy(9,2); 
034F:  MOVLW  09
0350:  MOVWF  38
0351:  MOVLW  02
0352:  MOVWF  39
0353:  CALL   160
....................   printf(lcd_putc,"onoff:%d",onoff);} 
0354:  MOVLW  7D
0355:  BSF    03.6
0356:  MOVWF  0D
0357:  MOVLW  00
0358:  MOVWF  0F
0359:  BCF    03.0
035A:  MOVLW  06
035B:  BCF    03.6
035C:  MOVWF  31
035D:  CALL   1F4
035E:  MOVF   2C,W
035F:  MOVWF  31
0360:  MOVLW  18
0361:  MOVWF  32
0362:  CALL   260
....................   
....................    if(!input(SW1)){ 
0363:  BTFSC  05.1
0364:  GOTO   369
....................    while(!input(SW1)){} 
0365:  BTFSS  05.1
0366:  GOTO   365
....................    tempo--; 
0367:  DECF   2B,F
....................    output_high(BLLCD); 
0368:  BSF    07.3
....................    } 
....................    if(!input(SW2)){ 
0369:  BTFSC  05.2
036A:  GOTO   36F
....................    while(!input(SW2)){}                            
036B:  BTFSS  05.2
036C:  GOTO   36B
....................    tempo++; 
036D:  INCF   2B,F
....................    output_high(BLLCD); 
036E:  BSF    07.3
....................    } 
....................    if(!input(SW3)) 
036F:  BTFSC  05.3
0370:  GOTO   375
....................    { 
....................    while(!input(SW3)){}                               
0371:  BTFSS  05.3
0372:  GOTO   371
....................    onoff--; 
0373:  DECF   2C,F
....................    output_high(BLLCD); 
0374:  BSF    07.3
....................    } 
....................    if(!input(SW4)) 
0375:  BTFSC  05.4
0376:  GOTO   37B
....................    { 
....................    while(!input(SW4)){}                                
0377:  BTFSS  05.4
0378:  GOTO   377
....................    onoff++; 
0379:  INCF   2C,F
....................    output_high(BLLCD); 
037A:  BSF    07.3
....................    } 
....................    if(!input(SW5)){ 
037B:  BTFSC  05.5
037C:  GOTO   383
....................    while(!input(SW5)){}  
037D:  BTFSS  05.5
037E:  GOTO   37D
....................    enable_interrupts(INT_TIMER1); 
037F:  BSF    03.5
0380:  BSF    0C.0
....................    break; 
0381:  GOTO   385
0382:  BCF    03.5
....................    } 
0383:  GOTO   2FF
0384:  BSF    03.5
....................    } 
....................    printf(lcd_putc,"\f");    
0385:  MOVLW  0C
0386:  BCF    03.5
0387:  MOVWF  37
0388:  CALL   172
....................    while(true) 
....................    {  
....................    lcd_gotoxy(1,2); 
0389:  MOVLW  01
038A:  MOVWF  38
038B:  MOVLW  02
038C:  MOVWF  39
038D:  CALL   160
....................    printf(lcd_putc,"Time:%d",tempo); 
038E:  MOVLW  82
038F:  BSF    03.6
0390:  MOVWF  0D
0391:  MOVLW  00
0392:  MOVWF  0F
0393:  BCF    03.0
0394:  MOVLW  05
0395:  BCF    03.6
0396:  MOVWF  31
0397:  CALL   1F4
0398:  MOVF   2B,W
0399:  MOVWF  31
039A:  MOVLW  18
039B:  MOVWF  32
039C:  CALL   260
....................    lcd_gotoxy(9,2); 
039D:  MOVLW  09
039E:  MOVWF  38
039F:  MOVLW  02
03A0:  MOVWF  39
03A1:  CALL   160
....................    printf(lcd_putc,"onoff:%d",onoff); 
03A2:  MOVLW  86
03A3:  BSF    03.6
03A4:  MOVWF  0D
03A5:  MOVLW  00
03A6:  MOVWF  0F
03A7:  BCF    03.0
03A8:  MOVLW  06
03A9:  BCF    03.6
03AA:  MOVWF  31
03AB:  CALL   1F4
03AC:  MOVF   2C,W
03AD:  MOVWF  31
03AE:  MOVLW  18
03AF:  MOVWF  32
03B0:  CALL   260
....................    lcd_gotoxy(1,1); 
03B1:  MOVLW  01
03B2:  MOVWF  38
03B3:  MOVWF  39
03B4:  CALL   160
....................    printf(lcd_putc,"min:%d ",min); 
03B5:  MOVLW  8B
03B6:  BSF    03.6
03B7:  MOVWF  0D
03B8:  MOVLW  00
03B9:  MOVWF  0F
03BA:  BCF    03.0
03BB:  MOVLW  04
03BC:  BCF    03.6
03BD:  MOVWF  31
03BE:  CALL   1F4
03BF:  MOVF   2E,W
03C0:  MOVWF  31
03C1:  MOVLW  18
03C2:  MOVWF  32
03C3:  CALL   260
03C4:  MOVLW  20
03C5:  MOVWF  37
03C6:  CALL   172
....................    suma= tempo+onoff; 
03C7:  MOVF   2C,W
03C8:  ADDWF  2B,W
03C9:  MOVWF  2D
....................     if(min==1){ 
03CA:  DECFSZ 2E,W
03CB:  GOTO   3CD
....................    output_low(BLLCD); 
03CC:  BCF    07.3
....................    } 
....................     
....................  if (min==tempo && min<=suma && onoff>0 && tempo>=0) 
03CD:  MOVF   2B,W
03CE:  SUBWF  2E,W
03CF:  BTFSS  03.2
03D0:  GOTO   405
03D1:  BTFSC  2D.7
03D2:  GOTO   405
03D3:  MOVF   2E,W
03D4:  SUBWF  2D,W
03D5:  BTFSS  03.0
03D6:  GOTO   405
03D7:  BTFSC  2C.7
03D8:  GOTO   405
03D9:  MOVF   2C,W
03DA:  SUBLW  00
03DB:  BTFSC  03.0
03DC:  GOTO   405
03DD:  BTFSC  2B.7
03DE:  GOTO   405
....................    { 
....................    if(min==1){ 
03DF:  DECFSZ 2E,W
03E0:  GOTO   3E2
....................    output_low(BLLCD); 
03E1:  BCF    07.3
....................    } 
....................    output_high(bomba); 
03E2:  BSF    07.4
....................    lcd_gotoxy(8,1); 
03E3:  MOVLW  08
03E4:  MOVWF  38
03E5:  MOVLW  01
03E6:  MOVWF  39
03E7:  CALL   160
....................    printf(lcd_putc,"Bomba on "); 
03E8:  MOVLW  8F
03E9:  BSF    03.6
03EA:  MOVWF  0D
03EB:  MOVLW  00
03EC:  MOVWF  0F
03ED:  BCF    03.6
03EE:  CALL   19E
....................    lcd_gotoxy(1,1); 
03EF:  MOVLW  01
03F0:  MOVWF  38
03F1:  MOVWF  39
03F2:  CALL   160
....................    printf(lcd_putc,"min:%d ",min); 
03F3:  MOVLW  94
03F4:  BSF    03.6
03F5:  MOVWF  0D
03F6:  MOVLW  00
03F7:  MOVWF  0F
03F8:  BCF    03.0
03F9:  MOVLW  04
03FA:  BCF    03.6
03FB:  MOVWF  31
03FC:  CALL   1F4
03FD:  MOVF   2E,W
03FE:  MOVWF  31
03FF:  MOVLW  18
0400:  MOVWF  32
0401:  CALL   260
0402:  MOVLW  20
0403:  MOVWF  37
0404:  CALL   172
....................    }    
....................    if (min==suma && onoff>0 && tempo>=0) 
0405:  MOVF   2D,W
0406:  SUBWF  2E,W
0407:  BTFSS  03.2
0408:  GOTO   435
0409:  BTFSC  2C.7
040A:  GOTO   435
040B:  MOVF   2C,W
040C:  SUBLW  00
040D:  BTFSC  03.0
040E:  GOTO   435
040F:  BTFSC  2B.7
0410:  GOTO   435
....................    { 
....................    output_low(bomba); 
0411:  BCF    07.4
....................    lcd_gotoxy(8,1); 
0412:  MOVLW  08
0413:  MOVWF  38
0414:  MOVLW  01
0415:  MOVWF  39
0416:  CALL   160
....................    printf(lcd_putc,"Bomba off"); 
0417:  MOVLW  98
0418:  BSF    03.6
0419:  MOVWF  0D
041A:  MOVLW  00
041B:  MOVWF  0F
041C:  BCF    03.6
041D:  CALL   19E
....................    lcd_gotoxy(1,1); 
041E:  MOVLW  01
041F:  MOVWF  38
0420:  MOVWF  39
0421:  CALL   160
....................    printf(lcd_putc,"min:%d ",min); 
0422:  MOVLW  9D
0423:  BSF    03.6
0424:  MOVWF  0D
0425:  MOVLW  00
0426:  MOVWF  0F
0427:  BCF    03.0
0428:  MOVLW  04
0429:  BCF    03.6
042A:  MOVWF  31
042B:  CALL   1F4
042C:  MOVF   2E,W
042D:  MOVWF  31
042E:  MOVLW  18
042F:  MOVWF  32
0430:  CALL   260
0431:  MOVLW  20
0432:  MOVWF  37
0433:  CALL   172
....................    min=0; 
0434:  CLRF   2E
....................    }     
....................    if (tempo<0 || onoff<=0) 
0435:  BTFSC  2B.7
0436:  GOTO   43D
0437:  BTFSC  2C.7
0438:  GOTO   43D
0439:  MOVF   2C,W
043A:  SUBLW  00
043B:  BTFSS  03.0
043C:  GOTO   45D
....................    { 
....................    output_low(bomba); 
043D:  BCF    07.4
....................    lcd_gotoxy(1,1); 
043E:  MOVLW  01
043F:  MOVWF  38
0440:  MOVWF  39
0441:  CALL   160
....................    printf(lcd_putc,"ERROR onoff o "); 
0442:  MOVLW  A1
0443:  BSF    03.6
0444:  MOVWF  0D
0445:  MOVLW  00
0446:  MOVWF  0F
0447:  BCF    03.6
0448:  CALL   19E
....................    lcd_gotoxy(1,2); 
0449:  MOVLW  01
044A:  MOVWF  38
044B:  MOVLW  02
044C:  MOVWF  39
044D:  CALL   160
....................    printf(lcd_putc,"onoff-temp <= 0 "); 
044E:  MOVLW  A9
044F:  BSF    03.6
0450:  MOVWF  0D
0451:  MOVLW  00
0452:  MOVWF  0F
0453:  BCF    03.6
0454:  CALL   19E
....................    delay_ms(1500); 
0455:  MOVLW  06
0456:  MOVWF  31
0457:  MOVLW  FA
0458:  MOVWF  38
0459:  CALL   0BB
045A:  DECFSZ 31,F
045B:  GOTO   457
....................    Break; 
045C:  GOTO   45E
....................    }     
045D:  GOTO   389
....................    } 
....................    disable_interrupts(INT_TIMER1); 
045E:  BSF    03.5
045F:  BCF    0C.0
....................    delay_ms(1000); 
0460:  MOVLW  04
0461:  BCF    03.5
0462:  MOVWF  31
0463:  MOVLW  FA
0464:  MOVWF  38
0465:  CALL   0BB
0466:  DECFSZ 31,F
0467:  GOTO   463
....................    printf ( LCD_PUTC, "\f" ); 
0468:  MOVLW  0C
0469:  MOVWF  37
046A:  CALL   172
....................    lcd_gotoxy(1,1); 
046B:  MOVLW  01
046C:  MOVWF  38
046D:  MOVWF  39
046E:  CALL   160
....................    printf(lcd_putc,"Final"); 
046F:  MOVLW  B2
0470:  BSF    03.6
0471:  MOVWF  0D
0472:  MOVLW  00
0473:  MOVWF  0F
0474:  BCF    03.6
0475:  CALL   19E
....................    lcd_gotoxy(1,2); 
0476:  MOVLW  01
0477:  MOVWF  38
0478:  MOVLW  02
0479:  MOVWF  39
047A:  CALL   160
....................    printf(lcd_putc,"Temporizado"); 
047B:  MOVLW  B5
047C:  BSF    03.6
047D:  MOVWF  0D
047E:  MOVLW  00
047F:  MOVWF  0F
0480:  BCF    03.6
0481:  CALL   19E
.................... } 
....................  
0482:  SLEEP
....................  

Configuration Fuses:
   Word  1: 20E4   INTRC_IO NOWDT PUT MCLR NOPROTECT NOCPD NOBROWNOUT NOIESO NOFCMEN NOLVP NODEBUG
   Word  2: 3FFF   BORV40 NOWRT
